// 重构日志: 815e09c2
// 重构日志: 3851e974
// 重构日志: 89c92b72
// 同步 ID: 1aeed75d @ Thu Jul 16 12:17:00 UTC 2026
// 重构日志: 2d57e101
// 重构日志: 8b294302
// 重构日志: ca1271de
// 重构日志: 4d044f28
// 重构日志: 2f8feaa5
// 重构日志: 6eeb131e
// 同步 ID: 054cbbec @ Sat Jul 25 06:29:36 UTC 2026
// 同步 ID: 544be778 @ Sat Jul 25 15:35:28 UTC 2026
// 同步 ID: b35a5114 @ Sun Jul 26 08:12:47 UTC 2026
// 同步 ID: a535ee31 @ Sun Jul 26 16:31:16 UTC 2026
// 重构日志: 99fe5b1b
// 同步 ID: b9bfdea9 @ Mon Jul 27 22:30:07 UTC 2026
// 同步 ID: de058b06 @ Tue Jul 28 08:35:43 UTC 2026
// 重构日志: da858b2f
// 重构日志: 5e3e150f
// 重构日志: 317a6050
